+--------------------------------------------------------------------------------------------------+
 Setting up finite element model                                                             feCore
   generated 1944 contact facet element(s) from surface 'concrete_top' into      surfaceElementG...
   element set 'concrete_top_facets'
   generated 660 contact facet element(s) from surface 'concrete_to_mortar' into surfaceElementG...
   element set 'concrete_to_mortar_facets'
   generated 396 contact facet element(s) from surface 'plate_bottom' into       surfaceElementG...
   element set 'plate_bottom_facets'
   generated 396 contact facet element(s) from surface 'plate_top' into element  surfaceElementG...
   set 'plate_top_facets'
   generated 896 contact facet element(s) from surface 'mortar_to_concrete' into surfaceElementG...
   element set 'mortar_to_concrete_facets'
   generated 896 contact facet element(s) from surface 'mortar_to_anchor' into   surfaceElementG...
   element set 'mortar_to_anchor_facets'
   generated 560 contact facet element(s) from surface 'anchor_to_mortar' into   surfaceElementG...
   element set 'anchor_to_mortar_facets'
   generated 448 contact facet element(s) from surface 'anchor_to_plate' into    surfaceElementG...
   element set 'anchor_to_plate_facets'
   generated 192 contact facet element(s) from surface 'plate_to_anchor' into    surfaceElementG...
   element set 'plate_to_anchor_facets'
   generated 108 contact facet element(s) from surface 'washer_bottom' into      surfaceElementG...
   element set 'washer_bottom_facets'
   generated 108 contact facet element(s) from surface 'washer_to_nut' into      surfaceElementG...
   element set 'washer_to_nut_facets'
   generated 70 contact facet element(s) from surface 'nut_to_washer' into       surfaceElementG...
   element set 'nut_to_washer_facets'
   generated 196 contact facet element(s) from surface 'nut_to_anchor' into      surfaceElementG...
   element set 'nut_to_anchor_facets'
   generated 392 contact facet element(s) from surface 'anchor_to_nut' into      surfaceElementG...
   element set 'anchor_to_nut_facets'
   Activating fields on nodes from Elements and Constraints                                 FEModel
   Bundling fields on nodes to NodeFields                                                   FEModel
   Assembling ScalarVariables                                                               FEModel
 +------------------------------------+------------------------------------+                 feCore
 |Model setup time                    |    4.3687s                         |                 feCore
 +------------------------------------+------------------------------------+                 feCore
 Finite element model with spatial dimension 3 has                               PrettyModelSummary
  nodes:              56881                                                      PrettyModelSummary
  node sets:          30                                                         PrettyModelSummary
   [ALLNODES, left, right, back, bottom, z_symm_concrete, z_symm_steel,          PrettyModelSummary
   plate_left_loading, z_symm_concrete_free, z_symm_steel_free, all,             PrettyModelSummary
   concrete_top_nodes, concrete_to_mortar_nodes, plate_bottom_nodes,             PrettyModelSummary
   plate_top_nodes, mortar_to_concrete_nodes, mortar_to_anchor_nodes,            PrettyModelSummary
   anchor_to_mortar_nodes, anchor_to_plate_nodes, plate_to_anchor_nodes,         PrettyModelSummary
   washer_bottom_nodes, washer_to_nut_nodes, nut_to_washer_nodes,                PrettyModelSummary
   nut_to_anchor_nodes, anchor_to_nut_nodes, tieNutToAnchor_tied,                PrettyModelSummary
   tieNutToWasher_tied, tieWasherToPlate_tied, tieAnchorToMortar_tied,           PrettyModelSummary
   tieMortarToConcrete_tied]                                                     PrettyModelSummary
  node fields:        2                                                          PrettyModelSummary
   [displacement (56881), nonlocal damage (50824)]                               PrettyModelSummary
  elements:           22441                                                      PrettyModelSummary
  element sets:       43                                                         PrettyModelSummary
   [concrete, anchor, plate, mortar, washer, nut, concrete_top_S2,               PrettyModelSummary
   concrete_top_S3, concrete_to_mortar_S1, concrete_to_mortar_S4,                PrettyModelSummary
   plate_bottom_S1, plate_bottom_S5, plate_top_S2, plate_top_S3,                 PrettyModelSummary
   mortar_to_concrete_S3, mortar_to_anchor_S5, anchor_to_mortar_S3,              PrettyModelSummary
   anchor_to_mortar_S4, anchor_to_plate_S3, anchor_to_plate_S4,                  PrettyModelSummary
   plate_to_anchor_S1, plate_to_anchor_S4, washer_bottom_S2,                     PrettyModelSummary
   washer_to_nut_S1, nut_to_washer_S2, nut_to_anchor_S3,                         PrettyModelSummary
   anchor_to_nut_S3, anchor_to_nut_S4, all, concrete_top_facets,                 PrettyModelSummary
   concrete_to_mortar_facets, plate_bottom_facets, plate_top_facets,             PrettyModelSummary
   mortar_to_concrete_facets, mortar_to_anchor_facets,                           PrettyModelSummary
   anchor_to_mortar_facets, anchor_to_plate_facets,                              PrettyModelSummary
   plate_to_anchor_facets, washer_bottom_facets, washer_to_nut_facets,           PrettyModelSummary
   nut_to_washer_facets, nut_to_anchor_facets, anchor_to_nut_facets]             PrettyModelSummary
  constraints:        2                                                          PrettyModelSummary
  materials:          5                                                          PrettyModelSummary
   [gcdp, steelAnchor, steelPlate, steelFastener, mortar]                        PrettyModelSummary
+--------------------------------------------------------------------------------------------------+
   Updating option linsolver=blockamg                                                   NISTPSolver
   Updating option linsolverConfigFile=blockamg.json                                    NISTPSolver
   StepAction definitions:                                                              StepManager
     Creating "fixLeft" [nset=left, field=displacement, 1=0.0, 2=0.0,                   StepManager
                        3=0.0, 4=None, 5=None, 6=None, components=None,                 StepManager
                        analyticalfield=None, f(t)=None]                                StepManager
     Creating "fixRight" [nset=right, field=displacement, 1=0.0, 2=0.0,                 StepManager
                         3=0.0, 4=None, 5=None, 6=None, components=None,                StepManager
                         analyticalfield=None, f(t)=None]                               StepManager
     Creating "fixBack" [nset=back, field=displacement, 1=0.0, 2=0.0,                   StepManager
                        3=0.0, 4=None, 5=None, 6=None, components=None,                 StepManager
                        analyticalfield=None, f(t)=None]                                StepManager
     Creating "fixBottom" [nset=bottom, field=displacement, 1=0.0, 2=0.0,               StepManager
                          3=0.0, 4=None, 5=None, 6=None, components=None,               StepManager
                          analyticalfield=None, f(t)=None]                              StepManager
     Creating "zSymmConcrete" [nset=z_symm_concrete_free,                               StepManager
                              field=displacement, 3=0.0, 1=None, 2=None,                StepManager
                              4=None, 5=None, 6=None, components=None,                  StepManager
                              analyticalfield=None, f(t)=None]                          StepManager
     Creating "zSymmSteel" [nset=z_symm_steel_free, field=displacement,                 StepManager
                           3=0.0, 1=None, 2=None, 4=None, 5=None, 6=None,               StepManager
                           components=None, analyticalfield=None,                       StepManager
                           f(t)=None]                                                   StepManager
     Creating "plateXFix" [nset=plate_left_loading, field=displacement,                 StepManager
                          1=0.0, 2=None, 3=None, 4=None, 5=None, 6=None,                StepManager
                          components=None, analyticalfield=None, f(t)=None]             StepManager
   Using 32 threads                                                                     NISTPSolver
   Activating fields on nodes from Elements and Constraints                                 FEModel
   Resizing NodeFields                                                                      FEModel
   Assembling ScalarVariables                                                               FEModel
   generated 5940 contact facet element(s) from surface 'concrete_to_mortar' intosurfaceElementG...
   element set 'concrete_to_mortar_facets'
   40 slave node(s) are already slaves of another multi-point constraint (e.g.   tieMortarToConc...
   hanging nodes); their redundant tie records were dropped
 AMR ModelModifier: marked 110, refined -> active elements 11176 -> 14036, 1208         hadaptivity
 hanging nodes
   generated 2424 contact facet element(s) from surface 'concrete_top' into      surfaceElementG...
   element set 'concrete_top_facets'
 Creating monolithic equation system                                                    NISTPSolver
 total size of eq. system: 280155                                                       NISTPSolver
   field 'displacement': 214659 dofs, [0, 214659)                                       NISTPSolver
   field 'nonlocal damage': 65496 dofs, [214659, 280155)                                NISTPSolver
+--------------------------------------------------------------------------------------------------+
 eliminating 16556 slave DOF(s) via multi-point constraints                             NISTPSolver
+--------------------------------------------------------------------------------------------------+
   increment 0: 0.000000, 0.000000; time   0.000000 to   0.000000                       NISTPSolver
           displacement            nonlocal damage                                      NISTPSolver
      ||R||∞      ||ddU||∞     ||R||∞      ||ddU||∞                                     NISTPSolver
 blockamg: WARNING solve #1 true residual 1.00e+00 still exceeds requested           BlockAMGSolver
 eta=3.00e-04 after 2 continuation(s) -- did not fully converge
      1.86e-27✓   0.00e+00✓    0.00e+00✓   0.00e+00✓                                    NISTPSolver
   Converged in 1 iteration(s)                                                          NISTPSolver
   Monitor (RF_loading): 0.0                                                                Monitor
   Monitor (U_loading): 0.0                                                                 Monitor
+--------------------------------------------------------------------------------------------------+
   increment 1: 1.000000, 1.000000; time   0.000000 to   1.000000                       NISTPSolver
           displacement            nonlocal damage                                      NISTPSolver
      ||R||∞      ||ddU||∞     ||R||∞      ||ddU||∞                                     NISTPSolver
 blockamg: WARNING solve #2 true residual 1.00e+00 still exceeds requested           BlockAMGSolver
 eta=3.00e-04 after 2 continuation(s) -- did not fully converge
      1.86e-27✓   0.00e+00✓    0.00e+00✓   0.00e+00✓                                    NISTPSolver
   Converged in 1 iteration(s)                                                          NISTPSolver
   Monitor (RF_loading): 0.0                                                                Monitor
   Monitor (U_loading): 0.0                                                                 Monitor
 +--------------------------------------+---------------+------+-------------+          NISTPSolver
 | function                             | acc. runtime  | call | time/call   |
 +--------------------------------------+---------------+------+-------------+
 | AMR                                  |   18.73933 s  | 2    |    9.36967  |
 |                                      |               |      | s           |
 |  marking filter                      |     0.00006 s | 1    |    0.00006  |
 |                                      |               |      | s           |
 |  refine & balance                    |     4.70513 s | 1    |    4.70513  |
 |                                      |               |      | s           |
 |  hanging nodes                       |     3.40913 s | 1    |    3.40913  |
 |                                      |               |      | s           |
 |  materialize                         |    10.13535 s | 1    |   10.13535  |
 |                                      |               |      | s           |
 |   elements & state transfer          |      9.71690  | 1    |    9.71690  |
 |                                      | s             |      | s           |
 |   sets & fields sync                 |      0.03717  | 1    |    0.03717  |
 |                                      | s             |      | s           |
 |   fields resize & restore            |      0.30339  | 1    |    0.30339  |
 |                                      | s             |      | s           |
 |  notify observers                    |     0.48127 s | 1    |    0.48127  |
 |                                      |               |      | s           |
 | elements                             |    4.28984 s  | 4    |    1.07246  |
 |                                      |               |      | s           |
 | assemble loads                       |    0.00004 s  | 4    |    0.00001  |
 |                                      |               |      | s           |
 |  distributed loads                   |     0.00001 s | 4    |    0.00000  |
 |                                      |               |      | s           |
 |  body forces                         |     0.00000 s | 4    |    0.00000  |
 |                                      |               |      | s           |
 | assemble constraints                 |    0.07218 s  | 4    |    0.01804  |
 |                                      |               |      | s           |
 | mpc transform residual               |    0.00248 s  | 4    |    0.00062  |
 |                                      |               |      | s           |
 | dirichlet R                          |    0.00021 s  | 2    |    0.00010  |
 |                                      |               |      | s           |
 | assemble stiffness CSR               |    0.08037 s  | 2    |    0.04018  |
 |                                      |               |      | s           |
 | mpc transform system matrix          |    2.09798 s  | 2    |    1.04899  |
 |                                      |               |      | s           |
 | dirichlet K on CSR                   |    0.04872 s  | 2    |    0.02436  |
 |                                      |               |      | s           |
 | linear solve                         |    2.93721 s  | 2    |    1.46860  |
 |                                      |               |      | s           |
 |  blockamg: equilibration             |     0.70321 s | 2    |    0.35161  |
 |                                      |               |      | s           |
 |  blockamg: threaded operator build   |     0.02269 s | 2    |    0.01135  |
 |                                      |               |      | s           |
 |  blockamg: off-diagonal split        |     0.24525 s | 2    |    0.12262  |
 |                                      |               |      | s           |
 |  blockamg: hierarchy build           |     1.83927 s | 1    |    1.83927  |
 |                                      |               |      | s           |
 |  blockamg: outer GMRES               |     0.03788 s | 2    |    0.01894  |
 |                                      |               |      | s           |
 |  blockamg: true-residual             |     0.07253 s | 2    |    0.03627  |
 | continuations                        |               |      | s           |
 | convergence check                    |    0.00117 s  | 2    |    0.00059  |
 |                                      |               |      | s           |
 +--------------------------------------+---------------+------+-------------+
 +------------------------------------+------------------------------------+                 feCore
 |Step computation time               |   43.7616s                         |                 feCore
 +------------------------------------+------------------------------------+                 feCore
   StepAction definitions:                                                              StepManager
     Creating "theSolver" [extrapolation=linear,                                        StepManager
                          useamgclmpccondensation=True]                                 StepManager
   Updating option extrapolation=linear                                                 NISTPSolver
   Updating option useAmgclMPCCondensation=True                                         NISTPSolver
     Updating "fixLeft" [nset=left, field=displacement, 1=0.0, 2=0.0,                   StepManager
                        3=0.0, 4=None, 5=None, 6=None, components=None,                 StepManager
                        analyticalfield=None, f(t)=None]                                StepManager
     Updating "fixRight" [nset=right, field=displacement, 1=0.0, 2=0.0,                 StepManager
                         3=0.0, 4=None, 5=None, 6=None, components=None,                StepManager
                         analyticalfield=None, f(t)=None]                               StepManager
     Updating "fixBack" [nset=back, field=displacement, 1=0.0, 2=0.0,                   StepManager
                        3=0.0, 4=None, 5=None, 6=None, components=None,                 StepManager
                        analyticalfield=None, f(t)=None]                                StepManager
     Updating "fixBottom" [nset=bottom, field=displacement, 1=0.0, 2=0.0,               StepManager
                          3=0.0, 4=None, 5=None, 6=None, components=None,               StepManager
                          analyticalfield=None, f(t)=None]                              StepManager
     Updating "zSymmConcrete" [nset=z_symm_concrete_free,                               StepManager
                              field=displacement, 3=0.0, 1=None, 2=None,                StepManager
                              4=None, 5=None, 6=None, components=None,                  StepManager
                              analyticalfield=None, f(t)=None]                          StepManager
     Updating "zSymmSteel" [nset=z_symm_steel_free, field=displacement,                 StepManager
                           3=0.0, 1=None, 2=None, 4=None, 5=None, 6=None,               StepManager
                           components=None, analyticalfield=None,                       StepManager
                           f(t)=None]                                                   StepManager
     Updating "plateXFix" [nset=plate_left_loading, field=displacement,                 StepManager
                          1=5.0, 2=None, 3=None, 4=None, 5=None, 6=None,                StepManager
                          components=None, analyticalfield=None, f(t)=None]             StepManager
   Using 32 threads                                                                     NISTPSolver
 Creating monolithic equation system                                                    NISTPSolver
 total size of eq. system: 280155                                                       NISTPSolver
   field 'displacement': 214659 dofs, [0, 214659)                                       NISTPSolver
   field 'nonlocal damage': 65496 dofs, [214659, 280155)                                NISTPSolver
+--------------------------------------------------------------------------------------------------+
 eliminating 16556 slave DOF(s) via multi-point constraints                             NISTPSolver
+--------------------------------------------------------------------------------------------------+
   increment 0: 0.000000, 0.000000; time   1.000000 to   1.000000                       NISTPSolver
           displacement            nonlocal damage                                      NISTPSolver
      ||R||∞      ||ddU||∞     ||R||∞      ||ddU||∞                                     NISTPSolver
 blockamg: WARNING solve #1 true residual 1.00e+00 still exceeds requested           BlockAMGSolver
 eta=3.00e-04 after 2 continuation(s) -- did not fully converge
      1.86e-27✓   0.00e+00✓    0.00e+00✓   0.00e+00✓                                    NISTPSolver
   Converged in 1 iteration(s)                                                          NISTPSolver
   Monitor (RF_loading): 0.0                                                                Monitor
   Monitor (U_loading): 0.0                                                                 Monitor
+--------------------------------------------------------------------------------------------------+
   increment 1: 0.005000, 0.005000; time   1.000000 to   1.005000                       NISTPSolver
           displacement            nonlocal damage                                      NISTPSolver
      ||R||∞      ||ddU||∞     ||R||∞      ||ddU||∞                                     NISTPSolver
 blockamg: WARNING solve #2 needed 125 outer GMRES iterations (> threshold 100)      BlockAMGSolver
 -- possible preconditioner degradation
   GCDPModel::computeStress: Return mapping failed: std::exception                      NISTPSolver
     Cutback to increment size 0.0025                                            AdaptiveTimeSte...
+--------------------------------------------------------------------------------------------------+
   increment 1: 0.002500, 0.002500; time   1.000000 to   1.002500                       NISTPSolver
           displacement            nonlocal damage                                      NISTPSolver
      ||R||∞      ||ddU||∞     ||R||∞      ||ddU||∞                                     NISTPSolver
 blockamg: WARNING solve #3 needed 125 outer GMRES iterations (> threshold 100)      BlockAMGSolver
 -- possible preconditioner degradation
   GCDPModel::computeStress: Return mapping failed: std::exception                      NISTPSolver
     Cutback to increment size 0.00125                                           AdaptiveTimeSte...
+--------------------------------------------------------------------------------------------------+
   increment 1: 0.001250, 0.001250; time   1.000000 to   1.001250                       NISTPSolver
           displacement            nonlocal damage                                      NISTPSolver
      ||R||∞      ||ddU||∞     ||R||∞      ||ddU||∞                                     NISTPSolver
 blockamg: WARNING solve #4 needed 125 outer GMRES iterations (> threshold 100)      BlockAMGSolver
 -- possible preconditioner degradation
   GCDPModel::computeStress: Return mapping failed: std::exception                      NISTPSolver
     Cutback to increment size 0.000625                                          AdaptiveTimeSte...
+--------------------------------------------------------------------------------------------------+
   increment 1: 0.000625, 0.000625; time   1.000000 to   1.000625                       NISTPSolver
           displacement            nonlocal damage                                      NISTPSolver
      ||R||∞      ||ddU||∞     ||R||∞      ||ddU||∞                                     NISTPSolver
 blockamg: WARNING solve #5 needed 125 outer GMRES iterations (> threshold 100)      BlockAMGSolver
 -- possible preconditioner degradation
      6.85e-01    3.20e-03     0.00e+00✓   0.00e+00✓                                    NISTPSolver
      8.01e-02    1.96e-04     0.00e+00✓   0.00e+00✓                                    NISTPSolver
      1.84e-03    2.98e-05     0.00e+00✓   0.00e+00✓                                    NISTPSolver
      1.06e-06    7.16e-07     0.00e+00✓   0.00e+00✓                                    NISTPSolver
      4.62e-09✓   4.19e-10✓    0.00e+00✓   0.00e+00✓                                    NISTPSolver
   Converged in 5 iteration(s)                                                          NISTPSolver
   Monitor (RF_loading): 226.67657701447433                                                 Monitor
   Monitor (U_loading): 0.003124999999997644                                                Monitor
 Creating monolithic equation system                                                    NISTPSolver
 total size of eq. system: 280155                                                       NISTPSolver
   field 'displacement': 214659 dofs, [0, 214659)                                       NISTPSolver
   field 'nonlocal damage': 65496 dofs, [214659, 280155)                                NISTPSolver
+--------------------------------------------------------------------------------------------------+
 eliminating 16556 slave DOF(s) via multi-point constraints                             NISTPSolver
+--------------------------------------------------------------------------------------------------+
   increment 2: 0.000625, 0.001250; time   1.000625 to   1.001250                       NISTPSolver
           displacement            nonlocal damage                                      NISTPSolver
      ||R||∞      ||ddU||∞     ||R||∞      ||ddU||∞                                     NISTPSolver
 blockamg: WARNING solve #10 needed 109 outer GMRES iterations (> threshold 100)     BlockAMGSolver
 -- possible preconditioner degradation
      3.17e+00    3.15e-03     5.25e-05    0.00e+00✓                                    NISTPSolver
      4.93e-01    1.84e-04     9.70e-05    6.97e-05                                     NISTPSolver
      6.55e-02    8.04e-05     1.61e-05    3.57e-05                                     NISTPSolver
      1.26e-03    4.33e-06     3.32e-06    1.88e-06                                     NISTPSolver
      1.07e-06    2.33e-08✓    9.09e-12✓   5.83e-07                                     NISTPSolver
      1.77e-09✓   1.29e-11✓    6.16e-13✓   7.89e-12✓                                    NISTPSolver
   Converged in 6 iteration(s)                                                          NISTPSolver
   Monitor (RF_loading): 450.45442157821907                                                 Monitor
   Monitor (U_loading): 0.006249999999604486                                                Monitor
 Creating monolithic equation system                                                    NISTPSolver
 total size of eq. system: 280155                                                       NISTPSolver
   field 'displacement': 214659 dofs, [0, 214659)                                       NISTPSolver
   field 'nonlocal damage': 65496 dofs, [214659, 280155)                                NISTPSolver
+--------------------------------------------------------------------------------------------------+
 eliminating 16556 slave DOF(s) via multi-point constraints                             NISTPSolver
+--------------------------------------------------------------------------------------------------+
   increment 3: 0.000625, 0.001875; time   1.001250 to   1.001875                       NISTPSolver
           displacement            nonlocal damage                                      NISTPSolver
      ||R||∞      ||ddU||∞     ||R||∞      ||ddU||∞                                     NISTPSolver
 blockamg: WARNING solve #16 needed 113 outer GMRES iterations (> threshold 100)     BlockAMGSolver
 -- possible preconditioner degradation
      8.27e+00    3.14e-03     1.72e-04    7.97e-15✓                                    NISTPSolver
      3.23e+01    8.97e-04     8.40e-04    3.80e-04                                     NISTPSolver
      2.27e+00    5.90e-04     4.28e-05    1.05e-04                                     NISTPSolver
      3.73e-02    3.70e-05     5.53e-06    6.31e-06                                     NISTPSolver
      3.02e-04    5.18e-07     4.49e-10✓   4.53e-07                                     NISTPSolver
      5.32e-08✓   5.19e-09✓    6.82e-13✓   6.55e-10✓                                    NISTPSolver
   Converged in 6 iteration(s)                                                          NISTPSolver
   Monitor (RF_loading): 658.7717583255295                                                  Monitor
   Monitor (U_loading): 0.009374999999284773                                                Monitor
+--------------------------------------------------------------------------------------------------+
   increment 4: 0.000688, 0.002563; time   1.001875 to   1.002563                       NISTPSolver
           displacement            nonlocal damage                                      NISTPSolver
      ||R||∞      ||ddU||∞     ||R||∞      ||ddU||∞                                     NISTPSolver
      4.29e+00    0.00e+00✓    1.29e-04    0.00e+00✓                                    NISTPSolver
      2.60e+00    1.93e-04     8.92e-05    8.04e-05                                     NISTPSolver
      1.21e-01    4.34e-05     1.72e-05    1.27e-05                                     NISTPSolver
      1.47e-02    6.53e-06     4.27e-06    2.26e-06                                     NISTPSolver
      3.27e-04    9.70e-07     4.65e-06    3.90e-07                                     NISTPSolver
      3.11e-07    1.24e-08✓    3.36e-12✓   2.06e-07                                     NISTPSolver
      6.46e-10✓   1.08e-11✓    3.94e-13✓   1.05e-12✓                                    NISTPSolver
   Converged in 6 iteration(s)                                                          NISTPSolver
   Monitor (RF_loading): 877.105402474175                                                   Monitor
   Monitor (U_loading): 0.012812499999284773                                                Monitor
+--------------------------------------------------------------------------------------------------+
   increment 5: 0.000756, 0.003319; time   1.002563 to   1.003319                       NISTPSolver
           displacement            nonlocal damage                                      NISTPSolver
      ||R||∞      ||ddU||∞     ||R||∞      ||ddU||∞                                     NISTPSolver
      3.94e+00    0.00e+00✓    1.19e-04    0.00e+00✓                                    NISTPSolver
      1.26e+00    1.70e-04     5.41e-05    5.18e-05                                     NISTPSolver
      6.27e-02    2.29e-05     1.39e-05    9.26e-06                                     NISTPSolver
      7.63e-03    2.27e-06     4.64e-06    1.49e-06                                     NISTPSolver
      9.19e-05    4.17e-07     1.20e-10✓   2.02e-07                                     NISTPSolver
      1.83e-08✓   4.69e-09✓    3.82e-13✓   6.26e-10✓                                    NISTPSolver
   Converged in 5 iteration(s)                                                          NISTPSolver
   Monitor (RF_loading): 1109.083755907289                                                  Monitor
   Monitor (U_loading): 0.016593749999284778                                                Monitor
+--------------------------------------------------------------------------------------------------+
   increment 6: 0.000832, 0.004151; time   1.003319 to   1.004151                       NISTPSolver
           displacement            nonlocal damage                                      NISTPSolver
      ||R||∞      ||ddU||∞     ||R||∞      ||ddU||∞                                     NISTPSolver
      2.45e+00    0.00e+00✓    1.17e-04    0.00e+00✓                                    NISTPSolver
      5.13e-01    2.00e-04     4.32e-05    4.25e-05                                     NISTPSolver
      4.92e-02    6.15e-05     2.02e-05    6.62e-06                                     NISTPSolver
      2.25e-03    2.21e-06     4.47e-06    1.99e-06                                     NISTPSolver
      5.62e-06    5.21e-08✓    7.80e-12✓   3.21e-07                                     NISTPSolver
      2.40e-09✓   1.16e-10✓    3.95e-13✓   9.18e-12✓                                    NISTPSolver
   Converged in 5 iteration(s)                                                          NISTPSolver
   Monitor (RF_loading): 1357.317181285407                                                  Monitor
   Monitor (U_loading): 0.020753124999284774                                                Monitor
 Creating monolithic equation system                                                    NISTPSolver
 total size of eq. system: 280155                                                       NISTPSolver
   field 'displacement': 214659 dofs, [0, 214659)                                       NISTPSolver
   field 'nonlocal damage': 65496 dofs, [214659, 280155)                                NISTPSolver
+--------------------------------------------------------------------------------------------------+
 eliminating 16556 slave DOF(s) via multi-point constraints                             NISTPSolver
+--------------------------------------------------------------------------------------------------+
   increment 7: 0.000915, 0.005066; time   1.004151 to   1.005066                       NISTPSolver
           displacement            nonlocal damage                                      NISTPSolver
      ||R||∞      ||ddU||∞     ||R||∞      ||ddU||∞                                     NISTPSolver
      1.25e+01    4.67e-03     3.38e-04    1.27e-14✓                                    NISTPSolver
      1.39e+01    9.84e-04     4.81e-04    5.24e-04                                     NISTPSolver
      3.17e+00    8.63e-04     9.69e-05    1.14e-04                                     NISTPSolver
      2.36e-01    8.42e-05     1.24e-05    7.51e-06                                     NISTPSolver
      3.75e-02    2.87e-05     1.70e-05    4.34e-06                                     NISTPSolver
      6.50e-03    3.01e-06     3.81e-06    7.03e-07                                     NISTPSolver
      1.21e-04    1.47e-07     6.38e-12✓   1.65e-07                                     NISTPSolver
      6.48e-09✓   2.58e-09✓    2.99e-13✓   3.53e-10✓                                    NISTPSolver
   Converged in 8 iteration(s)                                                          NISTPSolver
   Monitor (RF_loading): 1623.8961614782388                                                 Monitor
   Monitor (U_loading): 0.025328437464703236                                                Monitor
+--------------------------------------------------------------------------------------------------+
   increment 8: 0.001007, 0.006072; time   1.005066 to   1.006072                       NISTPSolver
           displacement            nonlocal damage                                      NISTPSolver
      ||R||∞      ||ddU||∞     ||R||∞      ||ddU||∞                                     NISTPSolver
      1.90e+00    0.00e+00✓    9.98e-05    0.00e+00✓                                    NISTPSolver
      7.63e-01    1.42e-04     5.61e-05    3.05e-05                                     NISTPSolver
      2.92e-02    1.27e-05     1.55e-05    7.84e-06                                     NISTPSolver
      6.85e-04    1.24e-06     7.35e-06    1.08e-06                                     NISTPSolver
      6.27e-07    2.81e-08✓    5.09e-12✓   3.25e-07                                     NISTPSolver
      2.25e-09✓   1.72e-11✓    5.99e-13✓   1.39e-12✓                                    NISTPSolver
   Converged in 5 iteration(s)                                                          NISTPSolver
   Monitor (RF_loading): 1911.3180531148773                                                 Monitor
   Monitor (U_loading): 0.03036128121470323                                                 Monitor
 Creating monolithic equation system                                                    NISTPSolver
 total size of eq. system: 280155                                                       NISTPSolver
   field 'displacement': 214659 dofs, [0, 214659)                                       NISTPSolver
   field 'nonlocal damage': 65496 dofs, [214659, 280155)                                NISTPSolver
+--------------------------------------------------------------------------------------------------+
 eliminating 16556 slave DOF(s) via multi-point constraints                             NISTPSolver
+--------------------------------------------------------------------------------------------------+
   increment 9: 0.001107, 0.007179; time   1.006072 to   1.007179                       NISTPSolver
           displacement            nonlocal damage                                      NISTPSolver
      ||R||∞      ||ddU||∞     ||R||∞      ||ddU||∞                                     NISTPSolver
      1.49e+01    5.58e-03     4.50e-04    8.38e-15✓                                    NISTPSolver
      1.30e+01    1.50e-03     4.64e-04    6.79e-04                                     NISTPSolver
      5.18e+00    4.48e-04     1.17e-04    1.30e-04                                     NISTPSolver
      2.94e-01    1.15e-04     1.79e-05    1.51e-05                                     NISTPSolver
      1.44e-01    2.89e-05     9.58e-06    4.50e-06                                     NISTPSolver
      1.46e-02    1.43e-05     3.96e-06    1.65e-06                                     NISTPSolver
      6.59e-05    8.62e-07     7.61e-10✓   1.60e-07                                     NISTPSolver
      3.31e-08✓   3.84e-09✓    2.31e-12✓   4.18e-10✓                                    NISTPSolver
   Converged in 8 iteration(s)                                                          NISTPSolver
   Monitor (RF_loading): 2221.7193396558705                                                 Monitor
   Monitor (U_loading): 0.0358974093498619                                                  Monitor
   AMR ModelModifier: 2 element(s) marked, deferring refinement until 10                hadaptivity
   accumulate
+--------------------------------------------------------------------------------------------------+
   increment 10: 0.001218, 0.008397; time   1.007179 to   1.008397                      NISTPSolver
           displacement            nonlocal damage                                      NISTPSolver
      ||R||∞      ||ddU||∞     ||R||∞      ||ddU||∞                                     NISTPSolver
      5.84e+00    0.00e+00✓    4.78e-04    0.00e+00✓                                    NISTPSolver
      2.12e-01    9.59e-05     6.99e-04    2.56e-05                                     NISTPSolver
      1.50e-02    8.37e-06     2.09e-05    8.56e-06                                     NISTPSolver
      4.20e-04    2.15e-06     3.89e-06    1.18e-06                                     NISTPSolver
      2.44e-07    2.30e-08✓    3.98e-12✓   1.88e-07                                     NISTPSolver
      1.71e-09✓   5.37e-12✓    5.04e-13✓   1.33e-12✓                                    NISTPSolver
   Converged in 5 iteration(s)                                                          NISTPSolver
   Monitor (RF_loading): 2556.7933068490993                                                 Monitor
   Monitor (U_loading): 0.04198715028736189                                                 Monitor
   AMR ModelModifier: 6 element(s) marked, deferring refinement until 10                hadaptivity
   accumulate
+--------------------------------------------------------------------------------------------------+
   increment 11: 0.001340, 0.009737; time   1.008397 to   1.009737                      NISTPSolver
           displacement            nonlocal damage                                      NISTPSolver
      ||R||∞      ||ddU||∞     ||R||∞      ||ddU||∞                                     NISTPSolver
      3.79e+00    0.00e+00✓    1.10e-03    0.00e+00✓                                    NISTPSolver
      5.59e-01    1.01e-04     3.24e-04    2.81e-05                                     NISTPSolver
      1.30e-02    1.01e-05     1.97e-05    5.88e-06                                     NISTPSolver
      3.80e-04    7.57e-07     4.98e-06    1.42e-06                                     NISTPSolver
      9.87e-07    1.52e-08✓    6.51e-12✓   2.81e-07                                     NISTPSolver
      6.70e-10✓   1.58e-11✓    2.00e-13✓   1.25e-12✓                                    NISTPSolver
   Converged in 5 iteration(s)                                                          NISTPSolver
   Monitor (RF_loading): 2917.864956091059                                                  Monitor
   Monitor (U_loading): 0.0486858653186119                                                  Monitor
 > > > Reached maximum number of increments                                AdaptiveTimeStepper < < <
 > > > Incrementation failed                                                      NISTPSolver < < <
 +---------------------------------------+--------------+------+-------------+          NISTPSolver
 | function                              | acc. runtime | call | time/call   |
 +---------------------------------------+--------------+------+-------------+
 | AMR                                   |    0.41068 s | 15   |    0.02738  |
 |                                       |              |      | s           |
 |  marking filter                       |     0.00162  | 9    |    0.00018  |
 |                                       | s            |      | s           |
 | elements                              |   97.14517 s | 83   |    1.17042  |
 |                                       |              |      | s           |
 | assemble loads                        |    0.00076 s | 80   |    0.00001  |
 |                                       |              |      | s           |
 |  distributed loads                    |     0.00010  | 80   |    0.00000  |
 |                                       | s            |      | s           |
 |  body forces                          |     0.00008  | 80   |    0.00000  |
 |                                       | s            |      | s           |
 | assemble constraints                  |    1.48233 s | 80   |    0.01853  |
 |                                       |              |      | s           |
 | mpc transform residual                |    0.04523 s | 80   |    0.00057  |
 |                                       |              |      | s           |
 | dirichlet R                           |    0.00157 s | 15   |    0.00010  |
 |                                       |              |      | s           |
 | assemble stiffness CSR                |    2.65352 s | 68   |    0.03902  |
 |                                       |              |      | s           |
 | mpc transform system matrix           |   47.28042 s | 68   |    0.69530  |
 |                                       |              |      | s           |
 | dirichlet K on CSR                    |    2.73320 s | 68   |    0.04019  |
 |                                       |              |      | s           |
 | linear solve                          |  507.42912 s | 68   |    7.46219  |
 |                                       |              |      | s           |
 |  blockamg: equilibration              |    30.84818  | 68   |    0.45365  |
 |                                       | s            |      | s           |
 |  blockamg: threaded operator build    |     0.96964  | 68   |    0.01426  |
 |                                       | s            |      | s           |
 |  blockamg: off-diagonal split         |    12.24143  | 68   |    0.18002  |
 |                                       | s            |      | s           |
 |  blockamg: hierarchy build            |   112.61074  | 65   |    1.73247  |
 |                                       | s            |      | s           |
 |  blockamg: outer GMRES                |   184.94723  | 68   |    2.71981  |
 |                                       | s            |      | s           |
 |  blockamg: true-residual              |   165.55991  | 68   |    2.43470  |
 | continuations                         | s            |      | s           |
 | convergence check                     |    0.03682 s | 71   |    0.00052  |
 |                                       |              |      | s           |
 +---------------------------------------+--------------+------+-------------+
 +------------------------------------+------------------------------------+                 feCore
 |Step computation time               |  767.5904s                         |                 feCore
 +------------------------------------+------------------------------------+                 feCore

 > > > Simulation failed                                                               feCore < < <
 |Job computation time                |  811.3520s                         |                 feCore
 +------------------------------------+------------------------------------+                 feCore
